// Jest Snapshot v1, https://goo.gl/fbAQLP

exports[`renders Link correctly 1`] = `
.c0 {
  color: blue;
  border: none;
  background: none;
  -webkit-text-decoration: underline;
  text-decoration: underline;
  cursor: pointer;
}

<button
  className="c0"
/>
`;
